src/app/components/ui/calendar.tsx(8,32): error TS6142: Module './button' was resolved to 'C:/Hotel Booking System/src/app/components/ui/button.tsx', but '--jsx' is not set.
src/app/components/ui/calendar.tsx(17,5): error TS17004: Cannot use JSX unless the '--jsx' flag is provided.
src/app/components/ui/calendar.tsx(66,18): error TS17004: Cannot use JSX unless the '--jsx' flag is provided.
